stm32l1xx_hal_msp.c:49:6:HAL_MspInit	24	static
stm32l1xx_hal_msp.c:82:6:HAL_I2C_MspInit	32	static
stm32l1xx_hal_msp.c:112:6:HAL_I2C_MspDeInit	0	static
stm32l1xx_hal_msp.c:136:6:HAL_SPI_MspInit	56	static
stm32l1xx_hal_msp.c:222:6:HAL_SPI_MspDeInit	8	static
stm32l1xx_hal_msp.c:287:6:HAL_TIM_Base_MspInit	8	static
stm32l1xx_hal_msp.c:304:6:HAL_TIM_MspPostInit	32	static
stm32l1xx_hal_msp.c:331:6:HAL_TIM_Base_MspDeInit	0	static
stm32l1xx_hal_msp.c:348:6:HAL_UART_MspInit	48	static
stm32l1xx_hal_msp.c:433:6:HAL_UART_MspDeInit	0	static
